// implicit typedef
// implicit typedef
// implicit typedef
// implicit typedef
// implicit typedef
#line 1 "attr-stmt0.c"
int a;
#line 2 "attr-stmt0.c"
int main() {
#line 3 "attr-stmt0.c"
  int c = -1;
  switch (a) {
  case 0:
  __attribute__((fallthrough, );) case 1:
    c = 0;
    break;
  default:
    c = 1;
  }
  return c;
}
